MSBuild-Version 17.14.23+b0019275e für .NET Framework

  Recast.vcxproj -> I:\TrinityCore\_integration\build\dep\recastnavigation\Recast\Release\Recast.lib
  Detour.vcxproj -> I:\TrinityCore\_integration\build\dep\recastnavigation\Detour\Release\Detour.lib
  argon2.vcxproj -> I:\TrinityCore\_integration\build\dep\argon2\Release\argon2.lib
  fmt.vcxproj -> I:\TrinityCore\_integration\build\dep\fmt\Release\fmt.lib
  zlib.vcxproj -> I:\TrinityCore\_integration\build\dep\zlib\Release\zlib.lib
  g3dlib.vcxproj -> I:\TrinityCore\_integration\build\dep\g3dlite\Release\g3dlib.lib
  openssl_ed25519.vcxproj -> I:\TrinityCore\_integration\build\bin\Release\openssl_ed25519.dll
  sfmt.vcxproj -> I:\TrinityCore\_integration\build\dep\SFMT\Release\sfmt.lib
  protobuf.vcxproj -> I:\TrinityCore\_integration\build\dep\protobuf\Release\protobuf.lib
  common.vcxproj -> I:\TrinityCore\_integration\build\src\common\Release\common.lib
  network.vcxproj -> I:\TrinityCore\_integration\build\src\common\network\Release\trinity_network.lib
  mmaps_common.vcxproj -> I:\TrinityCore\_integration\build\src\common\mmaps_common\Release\mmaps_common.lib
  cmake_pch.cxx
  proto.vcxproj -> I:\TrinityCore\_integration\build\src\server\proto\Release\proto.lib
  AdhocStatement.cpp
  DatabaseEnv.cpp
  DatabaseLoader.cpp
  DatabaseWorkerPool.cpp
  Field.cpp
  FieldValueConverter.cpp
  MySQLConnection.cpp
  MySQLPreparedStatement.cpp
  MySQLThreading.cpp
  PreparedStatement.cpp
  QueryCallback.cpp
  QueryHolder.cpp
  QueryResult.cpp
  Transaction.cpp
  CharacterDatabase.cpp
  HotfixDatabase.cpp
  LoginDatabase.cpp
  WorldDatabase.cpp
  AppenderDB.cpp
  DBUpdater.cpp
  UpdateFetcher.cpp
I:\TrinityCore\_integration\src\server\database\Database\Implementation\HotfixDatabase.cpp(805,22): error C2065: "HOTFIX_SEL_EXTERIOR_COMPONENT": nichtdeklarierter Bezeichner [I:\TrinityCore\_integration\build\src\server\database\database.vcxproj]
  (Quelldatei „../../../../src/server/database/Database/Implementation/HotfixDatabase.cpp“ wird kompiliert)
  
I:\TrinityCore\_integration\src\server\database\Database\Implementation\HotfixDatabase.cpp(809,5): error C2065: "HOTFIX_SEL_EXTERIOR_COMPONENT": nichtdeklarierter Bezeichner [I:\TrinityCore\_integration\build\src\server\database\database.vcxproj]
  (Quelldatei „../../../../src/server/database/Database/Implementation/HotfixDatabase.cpp“ wird kompiliert)
  
I:\TrinityCore\_integration\src\server\database\Database\Implementation\HotfixDatabase.cpp(809,5): error C2065: "HOTFIX_SEL_EXTERIOR_COMPONENT_MAX_ID": nichtdeklarierter Bezeichner [I:\TrinityCore\_integration\build\src\server\database\database.vcxproj]
  (Quelldatei „../../../../src/server/database/Database/Implementation/HotfixDatabase.cpp“ wird kompiliert)
  
I:\TrinityCore\_integration\src\server\database\Database\Implementation\HotfixDatabase.cpp(810,5): error C2065: "HOTFIX_SEL_EXTERIOR_COMPONENT": nichtdeklarierter Bezeichner [I:\TrinityCore\_integration\build\src\server\database\database.vcxproj]
  (Quelldatei „../../../../src/server/database/Database/Implementation/HotfixDatabase.cpp“ wird kompiliert)
  
I:\TrinityCore\_integration\src\server\database\Database\Implementation\HotfixDatabase.cpp(810,5): error C2065: "HOTFIX_SEL_EXTERIOR_COMPONENT_LOCALE": nichtdeklarierter Bezeichner [I:\TrinityCore\_integration\build\src\server\database\database.vcxproj]
  (Quelldatei „../../../../src/server/database/Database/Implementation/HotfixDatabase.cpp“ wird kompiliert)
  
I:\TrinityCore\_integration\src\server\database\Database\Implementation\HotfixDatabase.cpp(813,22): error C2065: "HOTFIX_SEL_EXTERIOR_COMPONENT_EXIT_POINT": nichtdeklarierter Bezeichner [I:\TrinityCore\_integration\build\src\server\database\database.vcxproj]
  (Quelldatei „../../../../src/server/database/Database/Implementation/HotfixDatabase.cpp“ wird kompiliert)
  
I:\TrinityCore\_integration\src\server\database\Database\Implementation\HotfixDatabase.cpp(815,5): error C2065: "HOTFIX_SEL_EXTERIOR_COMPONENT_EXIT_POINT": nichtdeklarierter Bezeichner [I:\TrinityCore\_integration\build\src\server\database\database.vcxproj]
  (Quelldatei „../../../../src/server/database/Database/Implementation/HotfixDatabase.cpp“ wird kompiliert)
  
I:\TrinityCore\_integration\src\server\database\Database\Implementation\HotfixDatabase.cpp(815,5): error C2065: "HOTFIX_SEL_EXTERIOR_COMPONENT_EXIT_POINT_MAX_ID": nichtdeklarierter Bezeichner [I:\TrinityCore\_integration\build\src\server\database\database.vcxproj]
  (Quelldatei „../../../../src/server/database/Database/Implementation/HotfixDatabase.cpp“ wird kompiliert)
  
I:\TrinityCore\_integration\src\server\database\Database\Implementation\HotfixDatabase.cpp(818,22): error C2065: "HOTFIX_SEL_EXTERIOR_COMPONENT_GROUP": nichtdeklarierter Bezeichner [I:\TrinityCore\_integration\build\src\server\database\database.vcxproj]
  (Quelldatei „../../../../src/server/database/Database/Implementation/HotfixDatabase.cpp“ wird kompiliert)
  
I:\TrinityCore\_integration\src\server\database\Database\Implementation\HotfixDatabase.cpp(820,5): error C2065: "HOTFIX_SEL_EXTERIOR_COMPONENT_GROUP": nichtdeklarierter Bezeichner [I:\TrinityCore\_integration\build\src\server\database\database.vcxproj]
  (Quelldatei „../../../../src/server/database/Database/Implementation/HotfixDatabase.cpp“ wird kompiliert)
  
I:\TrinityCore\_integration\src\server\database\Database\Implementation\HotfixDatabase.cpp(820,5): error C2065: "HOTFIX_SEL_EXTERIOR_COMPONENT_GROUP_MAX_ID": nichtdeklarierter Bezeichner [I:\TrinityCore\_integration\build\src\server\database\database.vcxproj]
  (Quelldatei „../../../../src/server/database/Database/Implementation/HotfixDatabase.cpp“ wird kompiliert)
  
I:\TrinityCore\_integration\src\server\database\Database\Implementation\HotfixDatabase.cpp(823,22): error C2065: "HOTFIX_SEL_EXTERIOR_COMPONENT_GROUP_X_HOOK": nichtdeklarierter Bezeichner [I:\TrinityCore\_integration\build\src\server\database\database.vcxproj]
  (Quelldatei „../../../../src/server/database/Database/Implementation/HotfixDatabase.cpp“ wird kompiliert)
  
I:\TrinityCore\_integration\src\server\database\Database\Implementation\HotfixDatabase.cpp(825,5): error C2065: "HOTFIX_SEL_EXTERIOR_COMPONENT_GROUP_X_HOOK": nichtdeklarierter Bezeichner [I:\TrinityCore\_integration\build\src\server\database\database.vcxproj]
  (Quelldatei „../../../../src/server/database/Database/Implementation/HotfixDatabase.cpp“ wird kompiliert)
  
I:\TrinityCore\_integration\src\server\database\Database\Implementation\HotfixDatabase.cpp(825,5): error C2065: "HOTFIX_SEL_EXTERIOR_COMPONENT_GROUP_X_HOOK_MAX_ID": nichtdeklarierter Bezeichner [I:\TrinityCore\_integration\build\src\server\database\database.vcxproj]
  (Quelldatei „../../../../src/server/database/Database/Implementation/HotfixDatabase.cpp“ wird kompiliert)
  
I:\TrinityCore\_integration\src\server\database\Database\Implementation\HotfixDatabase.cpp(828,22): error C2065: "HOTFIX_SEL_EXTERIOR_COMPONENT_HOOK": nichtdeklarierter Bezeichner [I:\TrinityCore\_integration\build\src\server\database\database.vcxproj]
  (Quelldatei „../../../../src/server/database/Database/Implementation/HotfixDatabase.cpp“ wird kompiliert)
  
I:\TrinityCore\_integration\src\server\database\Database\Implementation\HotfixDatabase.cpp(830,5): error C2065: "HOTFIX_SEL_EXTERIOR_COMPONENT_HOOK": nichtdeklarierter Bezeichner [I:\TrinityCore\_integration\build\src\server\database\database.vcxproj]
  (Quelldatei „../../../../src/server/database/Database/Implementation/HotfixDatabase.cpp“ wird kompiliert)
  
I:\TrinityCore\_integration\src\server\database\Database\Implementation\HotfixDatabase.cpp(830,5): error C2065: "HOTFIX_SEL_EXTERIOR_COMPONENT_HOOK_MAX_ID": nichtdeklarierter Bezeichner [I:\TrinityCore\_integration\build\src\server\database\database.vcxproj]
  (Quelldatei „../../../../src/server/database/Database/Implementation/HotfixDatabase.cpp“ wird kompiliert)
  
I:\TrinityCore\_integration\src\server\database\Database\Implementation\HotfixDatabase.cpp(833,22): error C2065: "HOTFIX_SEL_EXTERIOR_COMPONENT_TYPE": nichtdeklarierter Bezeichner [I:\TrinityCore\_integration\build\src\server\database\database.vcxproj]
  (Quelldatei „../../../../src/server/database/Database/Implementation/HotfixDatabase.cpp“ wird kompiliert)
  
I:\TrinityCore\_integration\src\server\database\Database\Implementation\HotfixDatabase.cpp(835,5): error C2065: "HOTFIX_SEL_EXTERIOR_COMPONENT_TYPE": nichtdeklarierter Bezeichner [I:\TrinityCore\_integration\build\src\server\database\database.vcxproj]
  (Quelldatei „../../../../src/server/database/Database/Implementation/HotfixDatabase.cpp“ wird kompiliert)
  
I:\TrinityCore\_integration\src\server\database\Database\Implementation\HotfixDatabase.cpp(835,5): error C2065: "HOTFIX_SEL_EXTERIOR_COMPONENT_TYPE_MAX_ID": nichtdeklarierter Bezeichner [I:\TrinityCore\_integration\build\src\server\database\database.vcxproj]
  (Quelldatei „../../../../src/server/database/Database/Implementation/HotfixDatabase.cpp“ wird kompiliert)
  
I:\TrinityCore\_integration\src\server\database\Database\Implementation\HotfixDatabase.cpp(836,5): error C2065: "HOTFIX_SEL_EXTERIOR_COMPONENT_TYPE": nichtdeklarierter Bezeichner [I:\TrinityCore\_integration\build\src\server\database\database.vcxproj]
  (Quelldatei „../../../../src/server/database/Database/Implementation/HotfixDatabase.cpp“ wird kompiliert)
  
I:\TrinityCore\_integration\src\server\database\Database\Implementation\HotfixDatabase.cpp(836,5): error C2065: "HOTFIX_SEL_EXTERIOR_COMPONENT_TYPE_LOCALE": nichtdeklarierter Bezeichner [I:\TrinityCore\_integration\build\src\server\database\database.vcxproj]
  (Quelldatei „../../../../src/server/database/Database/Implementation/HotfixDatabase.cpp“ wird kompiliert)
  
I:\TrinityCore\_integration\src\server\database\Database\Implementation\HotfixDatabase.cpp(839,22): error C2065: "HOTFIX_SEL_EXTERIOR_COMPONENT_X_GROUP": nichtdeklarierter Bezeichner [I:\TrinityCore\_integration\build\src\server\database\database.vcxproj]
  (Quelldatei „../../../../src/server/database/Database/Implementation/HotfixDatabase.cpp“ wird kompiliert)
  
I:\TrinityCore\_integration\src\server\database\Database\Implementation\HotfixDatabase.cpp(841,5): error C2065: "HOTFIX_SEL_EXTERIOR_COMPONENT_X_GROUP": nichtdeklarierter Bezeichner [I:\TrinityCore\_integration\build\src\server\database\database.vcxproj]
  (Quelldatei „../../../../src/server/database/Database/Implementation/HotfixDatabase.cpp“ wird kompiliert)
  
I:\TrinityCore\_integration\src\server\database\Database\Implementation\HotfixDatabase.cpp(841,5): error C2065: "HOTFIX_SEL_EXTERIOR_COMPONENT_X_GROUP_MAX_ID": nichtdeklarierter Bezeichner [I:\TrinityCore\_integration\build\src\server\database\database.vcxproj]
  (Quelldatei „../../../../src/server/database/Database/Implementation/HotfixDatabase.cpp“ wird kompiliert)
  
