MSBuild-Version 17.14.23+b0019275e für .NET Framework

  Detour.vcxproj -> I:\TrinityCore\delves-wt\build\dep\recastnavigation\Detour\RelWithDebInfo\Detour.lib
  fmt.vcxproj -> I:\TrinityCore\delves-wt\build\dep\fmt\RelWithDebInfo\fmt.lib
  zlib.vcxproj -> I:\TrinityCore\delves-wt\build\dep\zlib\RelWithDebInfo\zlib.lib
  g3dlib.vcxproj -> I:\TrinityCore\delves-wt\build\dep\g3dlite\RelWithDebInfo\g3dlib.lib
  argon2.vcxproj -> I:\TrinityCore\delves-wt\build\dep\argon2\RelWithDebInfo\argon2.lib
  Recast.vcxproj -> I:\TrinityCore\delves-wt\build\dep\recastnavigation\Recast\RelWithDebInfo\Recast.lib
  openssl_ed25519.vcxproj -> I:\TrinityCore\delves-wt\build\bin\RelWithDebInfo\openssl_ed25519.dll
  sfmt.vcxproj -> I:\TrinityCore\delves-wt\build\dep\SFMT\RelWithDebInfo\sfmt.lib
  gsoap.vcxproj -> I:\TrinityCore\delves-wt\build\dep\gsoap\RelWithDebInfo\gsoap.lib
  protobuf.vcxproj -> I:\TrinityCore\delves-wt\build\dep\protobuf\RelWithDebInfo\protobuf.lib
  common.vcxproj -> I:\TrinityCore\delves-wt\build\src\common\RelWithDebInfo\common.lib
  database.vcxproj -> I:\TrinityCore\delves-wt\build\src\server\database\RelWithDebInfo\database.lib
  network.vcxproj -> I:\TrinityCore\delves-wt\build\src\common\network\RelWithDebInfo\trinity_network.lib
  mmaps_common.vcxproj -> I:\TrinityCore\delves-wt\build\src\common\mmaps_common\RelWithDebInfo\mmaps_common.lib
  proto.vcxproj -> I:\TrinityCore\delves-wt\build\src\server\proto\RelWithDebInfo\proto.lib
  shared.vcxproj -> I:\TrinityCore\delves-wt\build\src\server\shared\RelWithDebInfo\shared.lib
  AreaTriggerDataStore.cpp
  NGrid.cpp
  GridNotifiers.cpp
  GroupInstanceReference.cpp
  GroupReference.cpp
  GuildMgr.cpp
  GenericMovementGenerator.cpp
  PointMovementGenerator.cpp
  SplineChainMovementGenerator.cpp
  MoveSpline.cpp
  MovementUtil.cpp
  Spline.cpp
  OutdoorPvP.cpp
  OutdoorPvPMgr.cpp
  PetitionMgr.cpp
  PoolMgr.cpp
  QuestPools.cpp
  QuestMgr.cpp
  QuestObjectiveCriteriaMgr.cpp
  enuminfo_QuestDef.cpp
  InstanceScenario.cpp
  Scenario.cpp
  ScenarioMgr.cpp
  ScriptMgr.cpp
  ScriptReloadMgr.cpp
  ScriptSystem.cpp
  ScriptActions.cpp
  Packet.cpp
  WorldSession.cpp
  WorldSocket.cpp
  WorldSocketMgr.cpp
  AchievementPackets.cpp
  AddonPackets.cpp
  AdventureJournalPackets.cpp
  AdventureMapPackets.cpp
  AreaTriggerPackets.cpp
  ArtifactPackets.cpp
  AuctionHousePackets.cpp
  AuthenticationPackets.cpp
  AzeritePackets.cpp
  BankPackets.cpp
  BattlePetPackets.cpp
  BattlegroundPackets.cpp
  BattlenetPackets.cpp
  BlackMarketPackets.cpp
  CalendarPackets.cpp
  ChallengeModePackets.cpp
  ChannelPackets.cpp
  CharacterPackets.cpp
  ChatPackets.cpp
  ClientConfigPackets.cpp
  CollectionPackets.cpp
  CombatLogPackets.cpp
  CombatLogPacketsCommon.cpp
  CombatPackets.cpp
  CraftingPacketsCommon.cpp
  DelvesPackets.cpp
  DuelPackets.cpp
  EquipmentSetPackets.cpp
  GameObjectPackets.cpp
  GarrisonPackets.cpp
  GuildPackets.cpp
  HotfixPackets.cpp
  InspectPackets.cpp
  InstancePackets.cpp
  ItemPackets.cpp
  ItemPacketsCommon.cpp
  LFGPackets.cpp
  LFGPacketsCommon.cpp
  LootPackets.cpp
  MailPackets.cpp
  MiscPackets.cpp
  MovementPackets.cpp
  MythicPlusPacketsCommon.cpp
  NPCPackets.cpp
  PacketUtilities.cpp
  PartyPackets.cpp
  PerksProgramPacketsCommon.cpp
  PetPackets.cpp
  PetitionPackets.cpp
  QueryPackets.cpp
  ReferAFriendPackets.cpp
  ReputationPackets.cpp
  ScenarioPackets.cpp
  SocialPackets.cpp
  SpellPackets.cpp
  SystemPackets.cpp
  TalentPackets.cpp
  TaxiPackets.cpp
  zone_tirisfal_glades.cpp
  TicketPackets.cpp
  TokenPackets.cpp
  zone_tol_barad.cpp
  boss_corla.cpp
  boss_karsh_steelbender.cpp
  TotemPackets.cpp
  instance_blackrock_caverns.cpp
  ToyPackets.cpp
  blackrock_depths.cpp
  boss_ambassador_flamelash.cpp
  boss_emperor_dagran_thaurissan.cpp
  boss_high_interrogator_gerstahn.cpp
  boss_doctor_theolen_krastinov.cpp
  boss_instructor_malicia.cpp
  TradePackets.cpp
  boss_jandice_barov.cpp
  boss_kirtonos_the_herald.cpp
  boss_kormok.cpp
  TraitPackets.cpp
  shadowfang_keep.cpp
  TraitPacketsCommon.cpp
  boss_baroness_anastari.cpp
  TransmogrificationPackets.cpp
  boss_dathrohan_balnazzar.cpp
  instance_stratholme.cpp
  stratholme.cpp
  VehiclePackets.cpp
  VignettePackets.cpp
  WeeklyRewardsPackets.cpp
  instance_sunken_temple.cpp
  WhoPackets.cpp
  sunken_temple.cpp
  boss_brutallus.cpp
  boss_eredar_twins.cpp
  boss_felmyst.cpp
  boss_kalecgos.cpp
  boss_muru.cpp
  instance_sunwell_plateau.cpp
  sunwell_plateau.cpp
  boss_hogger.cpp
  boss_lord_overheat.cpp
  instance_throne_of_the_tides.cpp
  WorldStatePackets.cpp
  Opcodes.cpp
  PacketLog.cpp
  ClubMembershipService.cpp
  ClubService.cpp
  boss_archaedas.cpp
  instance_uldaman.cpp
  ClubUtils.cpp
  WorldserverGameUtilitiesService.cpp
  vashjir_chapter_1_defense_of_the_briny_cutter.cpp
  WorldserverServiceDispatcher.cpp
  zone_abyssal_depths.cpp
  SkillDiscovery.cpp
  SkillExtraItems.cpp
  Spell.cpp
  boss_daakara.cpp
  boss_nalorakk.cpp
  SpellEffects.cpp
  SpellHistory.cpp
  SpellInfo.cpp
  zulaman.cpp
  SpellScript.cpp
  TraitMgr.cpp
  SpellAuraEffects.cpp
  SpellAuras.cpp
  boss_grilek.cpp
  boss_hazzarah.cpp
  boss_jindo_the_godbreaker.cpp
  boss_kilnara.cpp
  boss_mandokir.cpp
  WhoListStorage.cpp
  SupportMgr.cpp
  ChatTextBuilder.cpp
  CreatureTextMgr.cpp
  GameTime.cpp
  UpdateTime.cpp
  boss_renataki.cpp
  boss_venoxis.cpp
  boss_wushoolay.cpp
  WowTime.cpp
  boss_zanzil.cpp
  instance_zulgurub.cpp
  zulgurub.cpp
  brewfest.cpp
  childrens_week.cpp
  darkmoon_faire.cpp
  fireworks_show.cpp
  hallows_end.cpp
  operation_gnomeregan.cpp
  pilgrims_bounty.cpp
  boss_doomwalker_anniversary.cpp
  CharacterDatabaseCleaner.cpp
  PlayerDump.cpp
  TransmogMgr.cpp
  zone_exiles_reach.cpp
  Weather.cpp
  boss_tunk.cpp
  instance_darkmaul_citadel.cpp
  WeatherMgr.cpp
  WeeklyRewardsMgr.cpp
  kalimdor_script_loader.cpp
  World.cpp
  zone_ashenvale.cpp
  WorldStateMgr.cpp
  zone_azshara.cpp
  zone_azuremyst_isle.cpp
  zone_bloodmyst_isle.cpp
  zone_darkshore.cpp
  zone_desolace.cpp
  zone_durotar.cpp
  zone_dustwallow_marsh.cpp
  zone_feralas.cpp
  zone_moonglade.cpp
  zone_mulgore.cpp
  zone_orgrimmar.cpp
  zone_silithus.cpp
  zone_tanaris.cpp
  zone_the_barrens.cpp
  zone_thunder_bluff.cpp
  blackfathom_deeps.cpp
  boss_aku_mai.cpp
  boss_kelris.cpp
  instance_blackfathom_deeps.cpp
  boss_archimonde.cpp
  boss_azgalor.cpp
  boss_kazrogal.cpp
  boss_rage_winterchill.cpp
  hyjal.cpp
  hyjalAI.cpp
  hyjal_trash.cpp
  instance_hyjal.cpp
  boss_chrono_lord_epoch.cpp
  boss_infinite_corruptor.cpp
  boss_mal_ganis.cpp
  boss_meathook.cpp
  boss_salramm_the_fleshcrafter.cpp
  instance_culling_of_stratholme.cpp
  npc_arthas.cpp
  instance_dragon_soul.cpp
  instance_end_time.cpp
  boss_captain_skarloc.cpp
  old_hillsbrad.cpp
  instance_hour_of_twilight.cpp
  boss_aeonus.cpp
  boss_chrono_lord_deja.cpp
  boss_temporus.cpp
  instance_the_black_morass.cpp
  the_black_morass.cpp
  instance_well_of_eternity.cpp
  instance_dire_maul.cpp
  boss_alysrazor.cpp
  boss_baleroc.cpp
  firelands.cpp
  instance_firelands.cpp
  boss_anraphet.cpp
  boss_earthrager_ptah.cpp
  boss_temple_guardian_anhuur.cpp
  halls_of_origination.cpp
  instance_halls_of_origination.cpp
  boss_lockmaw.cpp
  instance_lost_city_of_the_tolvir.cpp
  boss_celebras_the_cursed.cpp
  boss_landslide.cpp
  boss_noxxion.cpp
  boss_princess_theradras.cpp
  instance_maraudon.cpp
  instance_onyxias_lair.cpp
  boss_adarogg.cpp
  boss_slagmaw.cpp
  ragefire_chasm.cpp
  boss_amnennar_the_coldbringer.cpp
  boss_glutton.cpp
  boss_mordresh_fire_eye.cpp
  boss_tuten_kash.cpp
  razorfen_downs.cpp
  razorfen_kraul.cpp
  boss_ayamiss.cpp
  boss_buru.cpp
  boss_moam.cpp
  boss_ossirian.cpp
  boss_rajaxx.cpp
  instance_ruins_of_ahnqiraj.cpp
  ruins_of_ahnqiraj.cpp
  boss_bug_trio.cpp
  boss_fankriss.cpp
  boss_huhuran.cpp
  boss_ouro.cpp
  boss_skeram.cpp
  instance_temple_of_ahnqiraj.cpp
  mob_anubisath_sentinel.cpp
  temple_of_ahnqiraj.cpp
  instance_throne_of_the_four_winds.cpp
  instance_vortex_pinnacle.cpp
  vortex_pinnacle.cpp
  instance_wailing_caverns.cpp
  wailing_caverns.cpp
  boss_zum_rah.cpp
  instance_zulfarrak.cpp
  zulfarrak.cpp
  karesh_script_loader.cpp
  boss_azhiccar.cpp
  instance_ecodome_aldani.cpp
  campaign_visions_of_a_shadowed_sun.cpp
  zone_dornogal.cpp
  boss_orator_krix_vizk.cpp
  instance_city_of_threads.cpp
  zone_isle_of_dorn.cpp
  instance_nerubar_palace.cpp
  boss_edna.cpp
  boss_skarmorak.cpp
  kultiras_script_loader.cpp
  drustvar_chapter_2_the_burden_of_proof.cpp
  drustvar_chapter_3_an_airtight_alibi.cpp
  zone_drustvar.cpp
  boss_aqusirr.cpp
  boss_lord_stormsong.cpp
  instance_shrine_of_the_storm.cpp
  boss_heartsbane_triad.cpp
  boss_lord_and_lady_waycrest.cpp
  boss_soulbound_goliath.cpp
  instance_waycrest_manor.cpp
  waycrest_manor.cpp
  kezan.cpp
  zone_deepholm.cpp
  boss_corborus.cpp
  boss_high_priestess_azil.cpp
  boss_ozruk.cpp
  boss_slabhide.cpp
  stonecore.cpp
  northrend_script_loader.cpp
  zone_borean_tundra.cpp
  zone_dalaran.cpp
  zone_dragonblight.cpp
  zone_howling_fjord.cpp
  zone_icecrown.cpp
  boss_elder_nadox.cpp
  zone_zuldrak.cpp
  boss_prince_taldaram.cpp
  instance_ahnkahet.cpp
  boss_anubarak.cpp
  boss_hadronox.cpp
  boss_krikthir_the_gatewatcher.cpp
  instance_azjol_nerub.cpp
  trial_of_the_crusader.cpp
  boss_king_dred.cpp
  boss_novos.cpp
  boss_tharon_ja.cpp
  boss_trollgore.cpp
  drak_tharon_keep.cpp
  instance_drak_tharon_keep.cpp
  boss_bronjahm.cpp
  boss_devourer_of_souls.cpp
  forge_of_souls.cpp
  instance_forge_of_souls.cpp
  boss_falric.cpp
  boss_horAI.cpp
  boss_marwyn.cpp
  halls_of_reflection.cpp
  instance_halls_of_reflection.cpp
  boss_forgemaster_garfrost.cpp
  boss_krickandick.cpp
  boss_scourgelord_tyrannus.cpp
  instance_pit_of_saron.cpp
  pit_of_saron.cpp
  boss_drakkari_colossus.cpp
  boss_eck.cpp
  boss_gal_darah.cpp
  boss_moorabi.cpp
  boss_slad_ran.cpp
  instance_gundrak.cpp
  boss_blood_prince_council.cpp
  boss_blood_queen_lana_thel.cpp
  boss_deathbringer_saurfang.cpp
  boss_festergut.cpp
  boss_icecrown_gunship_battle.cpp
  boss_lady_deathwhisper.cpp
  boss_lord_marrowgar.cpp
  boss_professor_putricide.cpp
  boss_rotface.cpp
  boss_sindragosa.cpp
  boss_sister_svalna.cpp
  boss_the_lich_king.cpp
  boss_valithria_dreamwalker.cpp
  go_icecrown_citadel_teleport.cpp
  icecrown_citadel.cpp
  instance_icecrown_citadel.cpp
  boss_anubrekhan.cpp
  boss_faerlina.cpp
  boss_four_horsemen.cpp
  boss_gluth.cpp
  boss_gothik.cpp
  boss_grobbulus.cpp
  boss_heigan.cpp
  boss_kelthuzad.cpp
  boss_loatheb.cpp
  boss_maexxna.cpp
  boss_noth.cpp
  boss_patchwerk.cpp
  boss_razuvious.cpp
  boss_sapphiron.cpp
  boss_thaddius.cpp
  instance_naxxramas.cpp
  naxxramas.cpp
  boss_malygos.cpp
  boss_anomalus.cpp
  boss_keristrasza.cpp
  boss_magus_telestra.cpp
  boss_nexus_commanders.cpp
  boss_ormorok.cpp
  instance_nexus.cpp
  boss_drakos.cpp
  boss_eregos.cpp
  boss_urom.cpp
  instance_oculus.cpp
  oculus.cpp
  boss_general_bjarngrim.cpp
  boss_ionar.cpp
  boss_loken.cpp
  boss_volkhan.cpp
  instance_halls_of_lightning.cpp
  boss_krystallus.cpp
  boss_maiden_of_grief.cpp
  boss_sjonnir.cpp
  halls_of_stone.cpp
  instance_halls_of_stone.cpp
  boss_algalon_the_observer.cpp
  boss_assembly_of_iron.cpp
  boss_auriaya.cpp
  boss_flame_leviathan.cpp
  boss_freya.cpp
  boss_general_vezax.cpp
  boss_hodir.cpp
  boss_ignis.cpp
  boss_kologarn.cpp
  boss_mimiron.cpp
  boss_razorscale.cpp
  boss_thorim.cpp
  boss_xt002.cpp
  instance_ulduar.cpp
  ulduar.cpp
  boss_ingvar_the_plunderer.cpp
  boss_keleseth.cpp
  boss_skarvald_dalronn.cpp
  utgarde_keep.cpp
  boss_palehoof.cpp
  boss_skadi.cpp
  boss_svala.cpp
  boss_ymiron.cpp
  instance_utgarde_pinnacle.cpp
  utgarde_pinnacle.cpp
  boss_archavon.cpp
  boss_emalon.cpp
  boss_koralon.cpp
  instance_vault_of_archavon.cpp
  boss_cyanigosa.cpp
  boss_erekem.cpp
  boss_ichoron.cpp
  boss_lavanthor.cpp
  boss_moragg.cpp
  boss_zuramat.cpp
  instance_violet_hold.cpp
  violet_hold.cpp
  OutdoorPvPTF.cpp
  OutdoorPvPZM.cpp
  boss_doomlord_kazzak.cpp
  boss_doomwalker.cpp
  outland_script_loader.cpp
  zone_blades_edge_mountains.cpp
  zone_nagrand.cpp
  zone_netherstorm.cpp
  zone_shadowmoon_valley.cpp
  zone_terokkar_forest.cpp
  boss_exarch_maladaar.cpp
  boss_nexusprince_shaffar.cpp
  boss_pandemonius.cpp
  instance_mana_tombs.cpp
  boss_talon_king_ikiss.cpp
  instance_sethekk_halls.cpp
  boss_blackheart_the_inciter.cpp
  boss_grandmaster_vorpil.cpp
  boss_murmur.cpp
  shadow_labyrinth.cpp
  black_temple.cpp
  boss_gurtogg_bloodboil.cpp
  boss_illidan.cpp
  boss_illidari_council.cpp
  boss_mother_shahraz.cpp
  boss_reliquary_of_souls.cpp
  boss_teron_gorefiend.cpp
  boss_warlord_najentus.cpp
  instance_black_temple.cpp
  boss_fathomlord_karathress.cpp
  boss_hydross_the_unstable.cpp
  boss_lady_vashj.cpp
  boss_lurker_below.cpp
  boss_morogrim_tidewalker.cpp
  instance_serpent_shrine.cpp
  boss_hydromancer_thespia.cpp
  boss_mekgineer_steamrigger.cpp
  instance_steam_vault.cpp
  steam_vault.cpp
  boss_ahune.cpp
  boss_mennu_the_betrayer.cpp
  boss_quagmirran.cpp
  boss_rokmar_the_crackler.cpp
  instance_the_slave_pens.cpp
  boss_hungarfen.cpp
  boss_swamplord_muselek.cpp
  boss_the_black_stalker.cpp
  instance_the_underbog.cpp
  boss_gruul.cpp
  instance_gruuls_lair.cpp
  boss_broggok.cpp
  boss_the_maker.cpp
  instance_blood_furnace.cpp
  boss_watchkeeper_gargolmar.cpp
  instance_hellfire_ramparts.cpp
  boss_magtheridon.cpp
  instance_magtheridons_lair.cpp
  boss_nethekurse.cpp
  boss_warbringer_omrogg.cpp
  boss_warchief_kargath_bladefist.cpp
  instance_shattered_halls.cpp
  shattered_halls.cpp
  boss_alar.cpp
  boss_astromancer.cpp
  boss_kaelthas.cpp
  boss_void_reaver.cpp
  arcatraz.cpp
  boss_dalliah_the_doomsayer.cpp
  boss_harbinger_skyriss.cpp
  boss_wrath_scryer_soccothrates.cpp
  instance_arcatraz.cpp
  boss_commander_sarannis.cpp
  boss_high_botanist_freywinn.cpp
  boss_laj.cpp
  boss_thorngrin_the_tender.cpp
  instance_the_botanica.cpp
  pandaria_scripts_loader.cpp
  zone_the_jade_forest.cpp
  zone_the_wandering_isle.cpp
  pet_generic.cpp
  zone_silvermoon_city_midnight.cpp
  instance_sepulcher_of_the_first_ones.cpp
  spell_dh.cpp
  spell_dk.cpp
  spell_evoker.cpp
  spell_hunter.cpp
  spell_item.cpp
  spell_monk.cpp
  spell_pet.cpp
  spell_script_loader.cpp
  spell_shaman.cpp
  spell_warlock.cpp
  achievement_scripts.cpp
  action_ip_logger.cpp
  areatrigger_scripts.cpp
  chat_log.cpp
  duel_reset.cpp
  go_scripts.cpp
  item_scripts.cpp
  npc_guard.cpp
  npc_mythic_keystone.cpp
  npcs_special.cpp
  scene_scripts.cpp
  zandalar_script_loader.cpp
  boss_priestess_alun_za.cpp
  boss_rezan.cpp
  instance_atal_dazar.cpp
  boss_golden_serpent.cpp
  instance_kings_rest.cpp
  boss_cragmaw_the_infested.cpp
  boss_sporecaller_zancha.cpp
  ScriptLoader.cpp
  scripts.vcxproj -> I:\TrinityCore\delves-wt\build\src\server\scripts\RelWithDebInfo\scripts.lib
  game.vcxproj -> I:\TrinityCore\delves-wt\build\src\server\game\RelWithDebInfo\game.lib
  Building Custom Rule I:/TrinityCore/delves-wt/src/server/worldserver/CMakeLists.txt
  cmake_pch.cxx
  Main.cpp
  CliRunnable.cpp
  RASession.cpp
  TCSoap.cpp
     Bibliothek "I:/TrinityCore/delves-wt/build/src/server/worldserver/RelWithDebInfo/worldserver.lib" und Objekt "I:/TrinityCore/delves-wt/build/src/server/worldserver/RelWithDebInfo/worldserver.exp" werden erstellt.
  worldserver.vcxproj -> I:\TrinityCore\delves-wt\build\bin\RelWithDebInfo\worldserver.exe
  Der Befehl "pwsh.exe" ist entweder falsch geschrieben oder
  konnte nicht gefunden werden.
